error[E0308]: mismatched types
 --> tests/action/fail/zk/arg_instead_of_zk_state_callback.rs:5:1
  |
5 | #[callback(shortname = 0x02)]
  | ^^^^^^^^^^^^^^^^^^^^^^^^^^^^^
  | |
  | expected struct `ZkState`, found `u64`
  | expected due to this
  |
  = note: expected struct `ZkState<_>`
               found type `u64`
  = note: this error originates in the attribute macro `callback` (in Nightly builds, run with -Z macro-backtrace for more info)

error[E0308]: mismatched types
 --> tests/action/fail/zk/arg_instead_of_zk_state_callback.rs:5:1
  |
5 | #[callback(shortname = 0x02)]
  | ^^^^^^^^^^^^^^^^^^^^^^^^^^^^^ expected `u64`, found struct `ZkState`
  |
  = note: expected type `u64`
           found struct `ZkState<_>`
  = note: this error originates in the attribute macro `callback` (in Nightly builds, run with -Z macro-backtrace for more info)
