error: custom attribute panicked
 --> tests/action/fail/bad_arg_pattern_wildcard.rs:6:1
  |
6 | #[action]
  | ^^^^^^^^^
  |
  = help: message: Unsupported argument pattern: _
